---
source: symbolic-debuginfo/tests/test_objects.rs
expression: SymbolsDebug(&symbols)
---

